WARNING: We recommend using a newer Android Gradle plugin to use compileSdk = 34

This Android Gradle plugin (8.1.0) was tested up to compileSdk = 33 (and compileSdkPreview = "UpsideDownCakePrivacySandbox").

You are strongly encouraged to update your project to use a newer
Android Gradle plugin that has been tested with compileSdk = 34.

If you are already using the latest version of the Android Gradle plugin,
you may need to wait until a newer version with support for compileSdk = 34 is available.

To suppress this warning, add/update
    android.suppressUnsupportedCompileSdk=34
to this project's gradle.properties.
> Task :app:preBuild UP-TO-DATE
> Task :app:preDebugBuild UP-TO-DATE
> Task :app:checkDebugAarMetadata UP-TO-DATE
> Task :app:generateDebugResValues UP-TO-DATE
> Task :app:mapDebugSourceSetPaths UP-TO-DATE
> Task :app:generateDebugResources UP-TO-DATE
> Task :app:mergeDebugResources UP-TO-DATE
> Task :app:packageDebugResources UP-TO-DATE
> Task :app:parseDebugLocalResources UP-TO-DATE
> Task :app:createDebugCompatibleScreenManifests UP-TO-DATE
> Task :app:extractDeepLinksDebug UP-TO-DATE
> Task :app:processDebugMainManifest UP-TO-DATE
> Task :app:processDebugManifest UP-TO-DATE
> Task :app:processDebugManifestForPackage UP-TO-DATE
> Task :app:processDebugResources UP-TO-DATE

> Task :app:compileDebugKotlin FAILED
e: file:///C:/Users/mukht/Desktop/Android/Kenyatourism-master/app/src/main/kotlin/com/kenyatourism/app/MainActivity.kt:372:5 Expecting a top level declaration
e: file:///C:/Users/mukht/Desktop/Android/Kenyatourism-master/app/src/main/kotlin/com/kenyatourism/app/MainActivity.kt:373:1 Expecting a top level declaration
e: file:///C:/Users/mukht/Desktop/Android/Kenyatourism-master/app/src/main/kotlin/com/kenyatourism/app/MainActivity.kt:327:23 Unresolved reference: rememberScrollState
e: file:///C:/Users/mukht/Desktop/Android/Kenyatourism-master/app/src/main/kotlin/com/kenyatourism/app/MainActivity.kt:333:17 Unresolved reference: item
e: file:///C:/Users/mukht/Desktop/Android/Kenyatourism-master/app/src/main/kotlin/com/kenyatourism/app/MainActivity.kt:334:21 @Composable invocations can only happen from the context of a @Composable function
e: file:///C:/Users/mukht/Desktop/Android/Kenyatourism-master/app/src/main/kotlin/com/kenyatourism/app/MainActivity.kt:341:17 Unresolved reference: item
e: file:///C:/Users/mukht/Desktop/Android/Kenyatourism-master/app/src/main/kotlin/com/kenyatourism/app/MainActivity.kt:342:21 @Composable invocations can only happen from the context of a @Composable function
e: file:///C:/Users/mukht/Desktop/Android/Kenyatourism-master/app/src/main/kotlin/com/kenyatourism/app/MainActivity.kt:344:47 @Composable invocations can only happen from the context of a @Composable function
e: file:///C:/Users/mukht/Desktop/Android/Kenyatourism-master/app/src/main/kotlin/com/kenyatourism/app/MainActivity.kt:349:21 Unresolved reference: item
e: file:///C:/Users/mukht/Desktop/Android/Kenyatourism-master/app/src/main/kotlin/com/kenyatourism/app/MainActivity.kt:350:25 @Composable invocations can only happen from the context of a @Composable function
e: file:///C:/Users/mukht/Desktop/Android/Kenyatourism-master/app/src/main/kotlin/com/kenyatourism/app/MainActivity.kt:355:21 Unresolved reference: item
e: file:///C:/Users/mukht/Desktop/Android/Kenyatourism-master/app/src/main/kotlin/com/kenyatourism/app/MainActivity.kt:356:25 @Composable invocations can only happen from the context of a @Composable function
e: file:///C:/Users/mukht/Desktop/Android/Kenyatourism-master/app/src/main/kotlin/com/kenyatourism/app/MainActivity.kt:356:66 @Composable invocations can only happen from the context of a @Composable function
e: file:///C:/Users/mukht/Desktop/Android/Kenyatourism-master/app/src/main/kotlin/com/kenyatourism/app/MainActivity.kt:358:29 @Composable invocations can only happen from the context of a @Composable function
e: file:///C:/Users/mukht/Desktop/Android/Kenyatourism-master/app/src/main/kotlin/com/kenyatourism/app/MainActivity.kt:358:71 @Composable invocations can only happen from the context of a @Composable function
e: file:///C:/Users/mukht/Desktop/Android/Kenyatourism-master/app/src/main/kotlin/com/kenyatourism/app/MainActivity.kt:365:25 Unresolved reference: item
e: file:///C:/Users/mukht/Desktop/Android/Kenyatourism-master/app/src/main/kotlin/com/kenyatourism/app/MainActivity.kt:366:29 @Composable invocations can only happen from the context of a @Composable function

FAILURE: Build failed with an exception.

* What went wrong:
Execution failed for task ':app:compileDebugKotlin'.
> A failure occurred while executing org.jetbrains.kotlin.compilerRunner.GradleCompilerRunnerWithWorkers$GradleKotlinCompilerWorkAction
   > Compilation error. See log for more details

* Try:
> Run with --stacktrace option to get the stack trace.
> Run with --info or --debug option to get more log output.
> Run with --scan to get full insights.
> Get more help at https://help.gradle.org.

BUILD FAILED in 8s
13 actionable tasks: 1 executed, 12 up-to-date
